
 dt of cycle       1 is controlled by solid         843750 of part         1

 time...........................   0.00000E+00
 time step......................   6.11674E-07
 kinetic energy.................   0.00000E+00
 internal energy................   1.00000E-20
 spring and damper energy.......   1.00000E-20
 hourglass energy ..............   0.00000E+00
 system damping energy..........   0.00000E+00
 sliding interface energy.......   0.00000E+00
 external work..................   0.00000E+00
 eroded kinetic energy..........   0.00000E+00
 eroded internal energy.........   0.00000E+00
 eroded hourglass energy........   0.00000E+00
 total energy...................   1.00000E-20
 total energy / initial energy..   1.00000E+00
 energy ratio w/o eroded energy.   1.00000E+00
 global x velocity..............   0.00000E+00
 global y velocity..............   0.00000E+00
 global z velocity..............   0.00000E+00
 cpu time per zone cycle............       273 nanoseconds
 average cpu time per zone cycle....       513 nanoseconds
 average clock time per zone cycle..       355 nanoseconds

 estimated total cpu time          =      2362 sec (       0 hrs 39 mins)
 estimated cpu time to complete    =      2120 sec (       0 hrs 35 mins)
 estimated total clock time        =      1709 sec (       0 hrs 28 mins)
 estimated clock time to complete  =      1468 sec (       0 hrs 24 mins)
